
===== fetch_satbeams.py =====
{
  "run_utc": "2026-10-01T09:50:15.062025+00:00",
  "source": "Satbeams API",
  "ok": true,
  "satellites": [
    {
      "id": "astra_23_5",
      "position": 23,
      "ok": true,
      "errors": [],
      "pages": 2,
      "transponders": 44,
      "channels": 654,
      "raw_channel_rows": 654,
      "raw_file": "raw/satbeams/astra_23_5.json"
    }
  ]
}

===== fetch_kingofsat.py =====
{
  "run_utc": "2026-10-01T09:50:16.993419+00:00",
  "source": "KingOfSat",
  "ok": true,
  "satellites": [
    {
      "id": "astra_23_5",
      "url": "https://tr.kingofsat.net/pos-23.5E",
      "ok": true,
      "status": 200,
      "final_url": "https://tr.kingofsat.net/pos-23.5E",
      "title": "Astra 3B / Astra 3C (23.5°E) -  - Frekanslar - KingOfSat",
      "bytes": 708282,
      "frequency_rows": 84,
      "channel_rows": 658,
      "advertised_records": 717,
      "block_markers": [],
      "raw_file": "raw/kingofsat/astra_23_5.html",
      "errors": []
    }
  ]
}

===== parse_kingofsat.py =====
{
  "generated_utc": "2026-10-01T09:50:19.220800+00:00",
  "source": "KingOfSat",
  "satellites": [
    {
      "id": "astra_23_5",
      "transponders": 24,
      "channels": 603,
      "tv": 499,
      "radio": 104,
      "source_updated": "2026-09-30"
    }
  ]
}

===== parse_satbeams.py =====
{
  "ok": true,
  "source": "Satbeams API",
  "satellites": [
    {
      "id": "astra_23_5",
      "ok": true,
      "transponders": 33,
      "channels": 641,
      "tv": 532,
      "radio": 109,
      "sd": 358,
      "hd": 157,
      "uhd_4k": 0,
      "unknown_quality": 17,
      "candidate": "candidate/satbeams/astra_23_5.json"
    }
  ]
}

===== enrich_satbeams_quality.py =====
{
  "ok": true,
  "satellites": [
    {
      "id": "astra_23_5",
      "unknown_before": 17,
      "filled": 8,
      "filled_sd": 0,
      "filled_hd": 8,
      "filled_uhd": 0,
      "filled_3d": 0,
      "ambiguous": 0,
      "name_mismatch": 3,
      "not_found": 6,
      "unknown_after": 9,
      "ok": true
    }
  ]
}

===== validate_satbeams.py =====
{
  "run_utc": "2026-10-01T09:50:19.895587+00:00",
  "ok": true,
  "should_publish": false,
  "source": "Satbeams API",
  "satellites": [
    {
      "id": "astra_23_5",
      "ok": true,
      "errors": [],
      "warnings": [],
      "transponders": 33,
      "channels": 641,
      "tv": 532,
      "radio": 109,
      "sd": 358,
      "hd": 165,
      "uhd_4k": 0,
      "unknown_quality": 9,
      "forbidden_records": 0,
      "missing_core_fields": 0,
      "duplicate_identities": 0,
      "candidate_hash": "c173bdcbf59da85f9a0ae2119dd70d2aa06e9ff13124937adf63a2bec3de51dd",
      "current_hash": "c173bdcbf59da85f9a0ae2119dd70d2aa06e9ff13124937adf63a2bec3de51dd",
      "changed": false,
      "added": 0,
      "removed": 0,
      "updated": 0
    }
  ]
}
SHOULD_PUBLISH=false
