
===== fetch_satbeams.py =====
{
  "run_utc": "2026-09-29T19:49:24.098815+00:00",
  "source": "Satbeams API",
  "ok": true,
  "satellites": [
    {
      "id": "astra_28_2",
      "position": 28,
      "ok": true,
      "errors": [],
      "pages": 2,
      "transponders": 63,
      "channels": 769,
      "raw_channel_rows": 769,
      "raw_file": "raw/satbeams/astra_28_2.json"
    }
  ]
}

===== fetch_kingofsat.py =====
{
  "run_utc": "2026-09-29T19:49:25.695952+00:00",
  "source": "KingOfSat",
  "ok": true,
  "satellites": [
    {
      "id": "astra_28_2",
      "url": "https://tr.kingofsat.net/pos-28.2E",
      "ok": true,
      "status": 200,
      "final_url": "https://tr.kingofsat.net/pos-28.2E",
      "title": "Astra 2E / Astra 2F / Astra 2G (28.2°E) -  - Frekanslar - KingOfSat",
      "bytes": 760137,
      "frequency_rows": 156,
      "channel_rows": 598,
      "advertised_records": 705,
      "block_markers": [],
      "raw_file": "raw/kingofsat/astra_28_2.html",
      "errors": []
    }
  ]
}

===== parse_kingofsat.py =====
{
  "generated_utc": "2026-09-29T19:49:27.685197+00:00",
  "source": "KingOfSat",
  "satellites": [
    {
      "id": "astra_28_2",
      "transponders": 49,
      "channels": 524,
      "tv": 473,
      "radio": 51,
      "source_updated": "2026-09-29"
    }
  ]
}

===== parse_satbeams.py =====
{
  "ok": true,
  "source": "Satbeams API",
  "satellites": [
    {
      "id": "astra_28_2",
      "ok": true,
      "transponders": 63,
      "channels": 769,
      "tv": 768,
      "radio": 1,
      "sd": 547,
      "hd": 218,
      "uhd_4k": 0,
      "unknown_quality": 3,
      "candidate": "candidate/satbeams/astra_28_2.json"
    }
  ]
}

===== enrich_satbeams_quality.py =====
{
  "ok": true,
  "satellites": [
    {
      "id": "astra_28_2",
      "unknown_before": 3,
      "filled": 0,
      "filled_sd": 0,
      "filled_hd": 0,
      "filled_uhd": 0,
      "filled_3d": 0,
      "ambiguous": 0,
      "name_mismatch": 1,
      "not_found": 2,
      "unknown_after": 3,
      "ok": true
    }
  ]
}

===== validate_satbeams.py =====
{
  "run_utc": "2026-09-29T19:49:28.788963+00:00",
  "ok": true,
  "should_publish": true,
  "source": "Satbeams API",
  "satellites": [
    {
      "id": "astra_28_2",
      "ok": true,
      "errors": [],
      "warnings": [],
      "transponders": 63,
      "channels": 769,
      "tv": 768,
      "radio": 1,
      "sd": 547,
      "hd": 218,
      "uhd_4k": 0,
      "unknown_quality": 3,
      "forbidden_records": 0,
      "missing_core_fields": 0,
      "duplicate_identities": 0,
      "candidate_hash": "942022cdaeff0591996a8271e48ff723b8aa7bb67e23e0721b59c081db0a9244",
      "current_hash": "c8e887d1209d62dd6a49e31049e8c3f9029411e46d46c964283f132e86197c14",
      "changed": true,
      "added": 4,
      "removed": 1,
      "updated": 0
    }
  ]
}
SHOULD_PUBLISH=true
