
===== fetch_satbeams.py =====
{
  "run_utc": "2026-09-20T08:20:58.284678+00:00",
  "source": "Satbeams API",
  "ok": true,
  "satellites": [
    {
      "id": "azerspace_46",
      "position": 46,
      "ok": true,
      "errors": [],
      "pages": 2,
      "transponders": 33,
      "channels": 150,
      "raw_channel_rows": 150,
      "raw_file": "raw/satbeams/azerspace_46.json"
    }
  ]
}

===== fetch_kingofsat.py =====
{
  "run_utc": "2026-09-20T08:20:59.941893+00:00",
  "source": "KingOfSat",
  "ok": true,
  "satellites": [
    {
      "id": "azerspace_46",
      "url": "https://tr.kingofsat.net/pos-46E",
      "ok": true,
      "status": 200,
      "final_url": "https://tr.kingofsat.net/pos-46E",
      "title": "Azerspace-1 (46°E) -  - Frekanslar - KingOfSat",
      "bytes": 252289,
      "frequency_rows": 70,
      "channel_rows": 187,
      "advertised_records": 224,
      "block_markers": [],
      "raw_file": "raw/kingofsat/azerspace_46.html",
      "errors": []
    }
  ]
}

===== parse_kingofsat.py =====
{
  "generated_utc": "2026-09-20T08:21:01.217671+00:00",
  "source": "KingOfSat",
  "satellites": [
    {
      "id": "azerspace_46",
      "transponders": 33,
      "channels": 146,
      "tv": 71,
      "radio": 75,
      "source_updated": "2026-09-19"
    }
  ]
}

===== parse_satbeams.py =====
{
  "ok": true,
  "source": "Satbeams API",
  "satellites": [
    {
      "id": "azerspace_46",
      "ok": true,
      "transponders": 25,
      "channels": 142,
      "tv": 128,
      "radio": 14,
      "sd": 86,
      "hd": 42,
      "uhd_4k": 0,
      "unknown_quality": 0,
      "candidate": "candidate/satbeams/azerspace_46.json"
    }
  ]
}

===== enrich_satbeams_quality.py =====
{
  "ok": true,
  "satellites": [
    {
      "id": "azerspace_46",
      "unknown_before": 0,
      "filled": 0,
      "filled_sd": 0,
      "filled_hd": 0,
      "filled_uhd": 0,
      "filled_3d": 0,
      "ambiguous": 0,
      "name_mismatch": 0,
      "not_found": 0,
      "unknown_after": 0,
      "ok": true
    }
  ]
}

===== validate_satbeams.py =====
{
  "run_utc": "2026-09-20T08:21:01.653745+00:00",
  "ok": true,
  "should_publish": false,
  "source": "Satbeams API",
  "satellites": [
    {
      "id": "azerspace_46",
      "ok": true,
      "errors": [],
      "warnings": [],
      "transponders": 25,
      "channels": 142,
      "tv": 128,
      "radio": 14,
      "sd": 86,
      "hd": 42,
      "uhd_4k": 0,
      "unknown_quality": 0,
      "forbidden_records": 0,
      "missing_core_fields": 0,
      "duplicate_identities": 0,
      "candidate_hash": "7746fd9cd7d06af2053151535b17302415c341616136bdfefc4f597338c24d90",
      "current_hash": "7746fd9cd7d06af2053151535b17302415c341616136bdfefc4f597338c24d90",
      "changed": false,
      "added": 0,
      "removed": 0,
      "updated": 0
    }
  ]
}
SHOULD_PUBLISH=false
