
===== fetch_satbeams.py =====
{
  "run_utc": "2026-10-10T09:30:32.572172+00:00",
  "source": "Satbeams API",
  "ok": true,
  "satellites": [
    {
      "id": "eutelsat_16",
      "position": 16,
      "ok": true,
      "errors": [],
      "pages": 2,
      "transponders": 52,
      "channels": 805,
      "raw_channel_rows": 805,
      "raw_file": "raw/satbeams/eutelsat_16.json"
    }
  ]
}

===== fetch_kingofsat.py =====
{
  "run_utc": "2026-10-10T09:30:34.063663+00:00",
  "source": "KingOfSat",
  "ok": true,
  "satellites": [
    {
      "id": "eutelsat_16",
      "url": "https://tr.kingofsat.net/pos-16E",
      "ok": true,
      "status": 200,
      "final_url": "https://tr.kingofsat.net/pos-16E",
      "title": "Eutelsat 16D (16°E) -  - Frekanslar - KingOfSat",
      "bytes": 1093264,
      "frequency_rows": 183,
      "channel_rows": 810,
      "advertised_records": 948,
      "block_markers": [],
      "raw_file": "raw/kingofsat/eutelsat_16.html",
      "errors": []
    }
  ]
}

===== parse_kingofsat.py =====
{
  "generated_utc": "2026-10-10T09:30:36.751353+00:00",
  "source": "KingOfSat",
  "satellites": [
    {
      "id": "eutelsat_16",
      "transponders": 0,
      "channels": 0,
      "tv": 0,
      "radio": 0,
      "source_updated": "2026-10-04"
    }
  ]
}

===== parse_satbeams.py =====
{
  "ok": true,
  "source": "Satbeams API",
  "satellites": [
    {
      "id": "eutelsat_16",
      "ok": true,
      "transponders": 51,
      "channels": 801,
      "tv": 760,
      "radio": 41,
      "sd": 528,
      "hd": 218,
      "uhd_4k": 0,
      "unknown_quality": 14,
      "candidate": "candidate/satbeams/eutelsat_16.json"
    }
  ]
}

===== enrich_satbeams_quality.py =====
{
  "ok": true,
  "satellites": [
    {
      "id": "eutelsat_16",
      "unknown_before": 14,
      "filled": 0,
      "filled_sd": 0,
      "filled_hd": 0,
      "filled_uhd": 0,
      "filled_3d": 0,
      "ambiguous": 0,
      "name_mismatch": 0,
      "not_found": 14,
      "unknown_after": 14,
      "ok": true
    }
  ]
}

===== validate_satbeams.py =====
{
  "run_utc": "2026-10-10T09:30:38.365545+00:00",
  "ok": true,
  "should_publish": false,
  "source": "Satbeams API",
  "satellites": [
    {
      "id": "eutelsat_16",
      "ok": true,
      "errors": [],
      "warnings": [],
      "transponders": 51,
      "channels": 801,
      "tv": 760,
      "radio": 41,
      "sd": 528,
      "hd": 218,
      "uhd_4k": 0,
      "unknown_quality": 14,
      "forbidden_records": 0,
      "missing_core_fields": 0,
      "duplicate_identities": 0,
      "candidate_hash": "1193127b7666952139afb6e895c22b9c26759258481f6df3e9f7a66503c2b978",
      "current_hash": "1193127b7666952139afb6e895c22b9c26759258481f6df3e9f7a66503c2b978",
      "changed": false,
      "added": 0,
      "removed": 0,
      "updated": 0
    }
  ]
}
SHOULD_PUBLISH=false
