
===== fetch_satbeams.py =====
{
  "run_utc": "2026-10-07T09:55:06.078602+00:00",
  "source": "Satbeams API",
  "ok": true,
  "satellites": [
    {
      "id": "hellas_39",
      "position": 39,
      "ok": true,
      "errors": [],
      "pages": 2,
      "transponders": 31,
      "channels": 580,
      "raw_channel_rows": 580,
      "raw_file": "raw/satbeams/hellas_39.json"
    }
  ]
}

===== fetch_kingofsat.py =====
{
  "run_utc": "2026-10-07T09:55:08.148245+00:00",
  "source": "KingOfSat",
  "ok": true,
  "satellites": [
    {
      "id": "hellas_39",
      "url": "https://tr.kingofsat.net/pos-39E",
      "ok": true,
      "status": 200,
      "final_url": "https://tr.kingofsat.net/pos-39E",
      "title": "Hellas Sat 3 / Hellas Sat 4 (39°E) -  - Frekanslar - KingOfSat",
      "bytes": 839683,
      "frequency_rows": 124,
      "channel_rows": 601,
      "advertised_records": 694,
      "block_markers": [],
      "raw_file": "raw/kingofsat/hellas_39.html",
      "errors": []
    }
  ]
}

===== parse_kingofsat.py =====
{
  "generated_utc": "2026-10-07T09:55:11.197256+00:00",
  "source": "KingOfSat",
  "satellites": [
    {
      "id": "hellas_39",
      "transponders": 0,
      "channels": 0,
      "tv": 0,
      "radio": 0,
      "source_updated": "2026-10-04"
    }
  ]
}

===== parse_satbeams.py =====
{
  "ok": true,
  "source": "Satbeams API",
  "satellites": [
    {
      "id": "hellas_39",
      "ok": true,
      "transponders": 30,
      "channels": 579,
      "tv": 560,
      "radio": 19,
      "sd": 306,
      "hd": 104,
      "uhd_4k": 1,
      "unknown_quality": 149,
      "candidate": "candidate/satbeams/hellas_39.json"
    }
  ]
}

===== enrich_satbeams_quality.py =====
{
  "ok": true,
  "satellites": [
    {
      "id": "hellas_39",
      "unknown_before": 149,
      "filled": 0,
      "filled_sd": 0,
      "filled_hd": 0,
      "filled_uhd": 0,
      "filled_3d": 0,
      "ambiguous": 0,
      "name_mismatch": 0,
      "not_found": 149,
      "unknown_after": 149,
      "ok": true
    }
  ]
}

===== validate_satbeams.py =====
{
  "run_utc": "2026-10-07T09:55:12.417168+00:00",
  "ok": true,
  "should_publish": false,
  "source": "Satbeams API",
  "satellites": [
    {
      "id": "hellas_39",
      "ok": true,
      "errors": [],
      "warnings": [
        "Bilinmeyen kalite oranı dikkat gerektiriyor: 149/560 (26.6%)"
      ],
      "transponders": 30,
      "channels": 579,
      "tv": 560,
      "radio": 19,
      "sd": 306,
      "hd": 104,
      "uhd_4k": 1,
      "unknown_quality": 149,
      "forbidden_records": 0,
      "missing_core_fields": 0,
      "duplicate_identities": 0,
      "candidate_hash": "b99237a5c3ce0fd69fbe6872c44166bfd0cf324a2ef9004b31f77faec0c7c0e2",
      "current_hash": "b99237a5c3ce0fd69fbe6872c44166bfd0cf324a2ef9004b31f77faec0c7c0e2",
      "changed": false,
      "added": 0,
      "removed": 0,
      "updated": 0
    }
  ]
}
SHOULD_PUBLISH=false
