
===== fetch_satbeams.py =====
{
  "run_utc": "2026-10-01T09:49:53.501438+00:00",
  "source": "Satbeams API",
  "ok": true,
  "satellites": [
    {
      "id": "hotbird_13",
      "position": 13,
      "ok": true,
      "errors": [],
      "pages": 2,
      "transponders": 83,
      "channels": 1146,
      "raw_channel_rows": 1146,
      "raw_file": "raw/satbeams/hotbird_13.json"
    }
  ]
}

===== fetch_kingofsat.py =====
{
  "run_utc": "2026-10-01T09:49:55.501069+00:00",
  "source": "KingOfSat",
  "ok": true,
  "satellites": [
    {
      "id": "hotbird_13",
      "url": "https://tr.kingofsat.net/pos-13E",
      "ok": true,
      "status": 200,
      "final_url": "https://tr.kingofsat.net/pos-13E",
      "title": "Hot Bird 13F / Hot Bird 13G (13°E) -  - Frekanslar - KingOfSat",
      "bytes": 1538428,
      "frequency_rows": 153,
      "channel_rows": 1501,
      "advertised_records": 1574,
      "block_markers": [],
      "raw_file": "raw/kingofsat/hotbird_13.html",
      "errors": []
    }
  ]
}

===== parse_kingofsat.py =====
{
  "generated_utc": "2026-10-01T09:49:59.110021+00:00",
  "source": "KingOfSat",
  "satellites": [
    {
      "id": "hotbird_13",
      "transponders": 73,
      "channels": 1223,
      "tv": 968,
      "radio": 255,
      "source_updated": "2026-10-01"
    }
  ]
}

===== parse_satbeams.py =====
{
  "ok": true,
  "source": "Satbeams API",
  "satellites": [
    {
      "id": "hotbird_13",
      "ok": true,
      "transponders": 83,
      "channels": 1132,
      "tv": 1032,
      "radio": 100,
      "sd": 458,
      "hd": 552,
      "uhd_4k": 5,
      "unknown_quality": 17,
      "candidate": "candidate/satbeams/hotbird_13.json"
    }
  ]
}

===== enrich_satbeams_quality.py =====
{
  "ok": true,
  "satellites": [
    {
      "id": "hotbird_13",
      "unknown_before": 17,
      "filled": 1,
      "filled_sd": 0,
      "filled_hd": 1,
      "filled_uhd": 0,
      "filled_3d": 0,
      "ambiguous": 0,
      "name_mismatch": 2,
      "not_found": 14,
      "unknown_after": 16,
      "ok": true
    }
  ]
}

===== validate_satbeams.py =====
{
  "run_utc": "2026-10-01T09:50:01.095773+00:00",
  "ok": true,
  "should_publish": false,
  "source": "Satbeams API",
  "satellites": [
    {
      "id": "hotbird_13",
      "ok": true,
      "errors": [],
      "warnings": [],
      "transponders": 83,
      "channels": 1132,
      "tv": 1032,
      "radio": 100,
      "sd": 458,
      "hd": 553,
      "uhd_4k": 5,
      "unknown_quality": 16,
      "forbidden_records": 0,
      "missing_core_fields": 0,
      "duplicate_identities": 0,
      "candidate_hash": "523b5f6122bb0400a2f949d5c60c6674aa8049b1c39b71e4120f5c6d98f3c9df",
      "current_hash": "523b5f6122bb0400a2f949d5c60c6674aa8049b1c39b71e4120f5c6d98f3c9df",
      "changed": false,
      "added": 0,
      "removed": 0,
      "updated": 0
    }
  ]
}
SHOULD_PUBLISH=false
