
===== fetch_satbeams.py =====
{
  "run_utc": "2026-10-10T09:30:49.566494+00:00",
  "source": "Satbeams API",
  "ok": true,
  "satellites": [
    {
      "id": "thor_1w",
      "position": 359,
      "ok": true,
      "errors": [],
      "pages": 2,
      "transponders": 97,
      "channels": 890,
      "raw_channel_rows": 890,
      "raw_file": "raw/satbeams/thor_1w.json"
    }
  ]
}

===== fetch_kingofsat.py =====
{
  "run_utc": "2026-10-10T09:30:51.086657+00:00",
  "source": "KingOfSat",
  "ok": true,
  "satellites": [
    {
      "id": "thor_1w",
      "url": "https://tr.kingofsat.net/pos-0.8W",
      "ok": true,
      "status": 200,
      "final_url": "https://tr.kingofsat.net/pos-0.8W",
      "title": "Intelsat 10-02 / Thor 5 / Thor 6 / Thor 7 (0.8°W) -  - Frekanslar - KingOfSat",
      "bytes": 1330244,
      "frequency_rows": 154,
      "channel_rows": 1024,
      "advertised_records": 1117,
      "block_markers": [],
      "raw_file": "raw/kingofsat/thor_1w.html",
      "errors": []
    }
  ]
}

===== parse_kingofsat.py =====
{
  "generated_utc": "2026-10-10T09:30:54.545305+00:00",
  "source": "KingOfSat",
  "satellites": [
    {
      "id": "thor_1w",
      "transponders": 0,
      "channels": 0,
      "tv": 0,
      "radio": 0,
      "source_updated": "2026-10-07"
    }
  ]
}

===== parse_satbeams.py =====
{
  "ok": true,
  "source": "Satbeams API",
  "satellites": [
    {
      "id": "thor_1w",
      "ok": true,
      "transponders": 70,
      "channels": 846,
      "tv": 779,
      "radio": 67,
      "sd": 396,
      "hd": 278,
      "uhd_4k": 3,
      "unknown_quality": 102,
      "candidate": "candidate/satbeams/thor_1w.json"
    }
  ]
}

===== enrich_satbeams_quality.py =====
{
  "ok": true,
  "satellites": [
    {
      "id": "thor_1w",
      "unknown_before": 102,
      "filled": 0,
      "filled_sd": 0,
      "filled_hd": 0,
      "filled_uhd": 0,
      "filled_3d": 0,
      "ambiguous": 0,
      "name_mismatch": 0,
      "not_found": 102,
      "unknown_after": 102,
      "ok": true
    }
  ]
}

===== validate_satbeams.py =====
{
  "run_utc": "2026-10-10T09:30:56.847528+00:00",
  "ok": true,
  "should_publish": true,
  "source": "Satbeams API",
  "satellites": [
    {
      "id": "thor_1w",
      "ok": true,
      "errors": [],
      "warnings": [],
      "transponders": 70,
      "channels": 846,
      "tv": 779,
      "radio": 67,
      "sd": 396,
      "hd": 278,
      "uhd_4k": 3,
      "unknown_quality": 102,
      "forbidden_records": 0,
      "missing_core_fields": 0,
      "duplicate_identities": 0,
      "candidate_hash": "220e2b4cd96bdb7499cf83cf75b6a50812412dad62c69d4971152402cc0e87f5",
      "current_hash": "2340e09399af50b2c5e72e1b1eb564a7b2c59f5a5b8b0f26fae035ba06feab85",
      "changed": true,
      "added": 0,
      "removed": 1,
      "updated": 19
    }
  ]
}
SHOULD_PUBLISH=true
