
===== fetch_satbeams.py =====
{
  "run_utc": "2026-10-04T09:24:53.661995+00:00",
  "source": "Satbeams API",
  "ok": true,
  "satellites": [
    {
      "id": "turkmenalem_52",
      "position": 52,
      "ok": true,
      "errors": [],
      "pages": 2,
      "transponders": 24,
      "channels": 417,
      "raw_channel_rows": 417,
      "raw_file": "raw/satbeams/turkmenalem_52.json"
    }
  ]
}

===== fetch_kingofsat.py =====
{
  "run_utc": "2026-10-04T09:24:55.472671+00:00",
  "source": "KingOfSat",
  "ok": true,
  "satellites": [
    {
      "id": "turkmenalem_52",
      "url": "https://tr.kingofsat.net/pos-52E",
      "ok": true,
      "status": 200,
      "final_url": "https://tr.kingofsat.net/pos-52E",
      "title": "TurkmenÄlem / MonacoSat (52°E) -  - Frekanslar - KingOfSat",
      "bytes": 424026,
      "frequency_rows": 45,
      "channel_rows": 323,
      "advertised_records": 351,
      "block_markers": [],
      "raw_file": "raw/kingofsat/turkmenalem_52.html",
      "errors": []
    }
  ]
}

===== parse_kingofsat.py =====
{
  "generated_utc": "2026-10-04T09:24:57.545808+00:00",
  "source": "KingOfSat",
  "satellites": [
    {
      "id": "turkmenalem_52",
      "transponders": 0,
      "channels": 0,
      "tv": 0,
      "radio": 0,
      "source_updated": "2026-10-02"
    }
  ]
}

===== parse_satbeams.py =====
{
  "ok": true,
  "source": "Satbeams API",
  "satellites": [
    {
      "id": "turkmenalem_52",
      "ok": true,
      "transponders": 24,
      "channels": 417,
      "tv": 411,
      "radio": 6,
      "sd": 166,
      "hd": 245,
      "uhd_4k": 0,
      "unknown_quality": 0,
      "candidate": "candidate/satbeams/turkmenalem_52.json"
    }
  ]
}

===== enrich_satbeams_quality.py =====
{
  "ok": true,
  "satellites": [
    {
      "id": "turkmenalem_52",
      "unknown_before": 0,
      "filled": 0,
      "filled_sd": 0,
      "filled_hd": 0,
      "filled_uhd": 0,
      "filled_3d": 0,
      "ambiguous": 0,
      "name_mismatch": 0,
      "not_found": 0,
      "unknown_after": 0,
      "ok": true
    }
  ]
}

===== validate_satbeams.py =====
{
  "run_utc": "2026-10-04T09:24:58.153935+00:00",
  "ok": true,
  "should_publish": true,
  "source": "Satbeams API",
  "satellites": [
    {
      "id": "turkmenalem_52",
      "ok": true,
      "errors": [],
      "warnings": [],
      "transponders": 24,
      "channels": 417,
      "tv": 411,
      "radio": 6,
      "sd": 166,
      "hd": 245,
      "uhd_4k": 0,
      "unknown_quality": 0,
      "forbidden_records": 0,
      "missing_core_fields": 0,
      "duplicate_identities": 0,
      "candidate_hash": "5d0136531969176d7501f212002ea17c52332267a9c43055bed806eb7284f29b",
      "current_hash": "29f4596480db1391b14a5eebc475dea7b0d492348ed2bfcd5c543bd4b2c787bc",
      "changed": true,
      "added": 11,
      "removed": 0,
      "updated": 1
    }
  ]
}
SHOULD_PUBLISH=true
